[2020-10-22T06:59:56Z ERROR rls::server] Can't read message
Content-Length: 75

{"jsonrpc":"2.0","error":{"code":-32700,"message":"Parse error"},"id":null}